// Jest Snapshot v1, https://goo.gl/fbAQLP

exports[`AddressForm Component matches snapshot 1`] = `
<DocumentFragment>
  <div
    class="bg-white rounded-md px-4 py-6 h-max"
  >
    <form
      class="space-y-4"
      novalidate=""
    >
      <div
        class="relative z-0 mt-4"
      >
        <input
          aria-describedby="name-error"
          aria-invalid="false"
          autocomplete="off"
          class="peer block py-2.5 px-0 w-full text-sm text-gray-900 bg-transparent border-0 border-b-2 border-gray-300 appearance-none focus:outline-none "
          id="name"
          name="name"
          placeholder=" "
          type="text"
        />
        <label
          class="absolute text-sm text-gray-500 duration-300 transform -translate-y-6 scale-75 top-3 -z-10 origin-[0] peer-focus:left-0 peer-placeholder-shown:scale-100 peer-placeholder-shown:translate-y-0 peer-focus:scale-75 peer-focus:-translate-y-6 "
          for="name"
          style="z-index: 1;"
        >
          Name
        </label>
      </div>
      <div
        class="relative z-0 mt-4"
      >
        <input
          aria-describedby="mobile-error"
          aria-invalid="false"
          autocomplete="off"
          class="peer block py-2.5 px-0 w-full text-sm text-gray-900 bg-transparent border-0 border-b-2 border-gray-300 appearance-none focus:outline-none "
          id="mobile"
          name="mobile"
          placeholder=" "
          type="text"
        />
        <label
          class="absolute text-sm text-gray-500 duration-300 transform -translate-y-6 scale-75 top-3 -z-10 origin-[0] peer-focus:left-0 peer-placeholder-shown:scale-100 peer-placeholder-shown:translate-y-0 peer-focus:scale-75 peer-focus:-translate-y-6 "
          for="mobile"
          style="z-index: 1;"
        >
          Mobile
        </label>
      </div>
      <div
        class="relative z-0 mt-4"
      >
        <input
          aria-describedby="address-error"
          aria-invalid="false"
          autocomplete="off"
          class="peer block py-2.5 px-0 w-full text-sm text-gray-900 bg-transparent border-0 border-b-2 border-gray-300 appearance-none focus:outline-none "
          id="address"
          name="address"
          placeholder=" "
          type="text"
        />
        <label
          class="absolute text-sm text-gray-500 duration-300 transform -translate-y-6 scale-75 top-3 -z-10 origin-[0] peer-focus:left-0 peer-placeholder-shown:scale-100 peer-placeholder-shown:translate-y-0 peer-focus:scale-75 peer-focus:-translate-y-6 "
          for="address"
          style="z-index: 1;"
        >
          Address
        </label>
      </div>
      <div
        class="relative z-0 mt-4"
      >
        <input
          aria-describedby="email-error"
          aria-invalid="false"
          autocomplete="off"
          class="peer block py-2.5 px-0 w-full text-sm text-gray-900 bg-transparent border-0 border-b-2 border-gray-300 appearance-none focus:outline-none "
          id="email"
          name="email"
          placeholder=" "
          type="email"
        />
        <label
          class="absolute text-sm text-gray-500 duration-300 transform -translate-y-6 scale-75 top-3 -z-10 origin-[0] peer-focus:left-0 peer-placeholder-shown:scale-100 peer-placeholder-shown:translate-y-0 peer-focus:scale-75 peer-focus:-translate-y-6 "
          for="email"
          style="z-index: 1;"
        >
          Email
        </label>
      </div>
      <div
        class="relative z-0 mt-4"
      >
        <input
          aria-describedby="pincode-error"
          aria-invalid="false"
          autocomplete="off"
          class="peer block py-2.5 px-0 w-full text-sm text-gray-900 bg-transparent border-0 border-b-2 border-gray-300 appearance-none focus:outline-none "
          id="pincode"
          name="pincode"
          placeholder=" "
          type="text"
        />
        <label
          class="absolute text-sm text-gray-500 duration-300 transform -translate-y-6 scale-75 top-3 -z-10 origin-[0] peer-focus:left-0 peer-placeholder-shown:scale-100 peer-placeholder-shown:translate-y-0 peer-focus:scale-75 peer-focus:-translate-y-6 "
          for="pincode"
          style="z-index: 1;"
        >
          Pincode
        </label>
      </div>
      <div
        class="flex space-x-2"
      >
        <button
          aria-label="Go back to the previous step"
          class="text-sm px-2 py-2 w-1/3 font-semibold tracking-wide bg-blue-500 hover:bg-blue-600 text-white rounded-md"
          type="button"
        >
          Back
        </button>
        <button
          aria-busy="false"
          aria-label="Proceed to payment"
          class="text-sm px-4 py-2.5 w-2/3 font-semibold tracking-wide bg-gray-800 hover:bg-gray-900 text-white rounded-md"
          type="submit"
        >
          Proceed to Payment
        </button>
      </div>
    </form>
  </div>
</DocumentFragment>
`;
