// Jest Snapshot v1, https://goo.gl/fbAQLP

exports[`CartItem matches snapshot 1`] = `
<DocumentFragment>
  <div
    class="flex flex-col md:flex-row items-center justify-between border-b py-4"
  >
    <div
      class="flex items-center space-x-4 mb-4 md:mb-0"
    >
      <img
        alt="Sample Item"
        class="w-24 h-24 object-cover rounded-md"
        loading="lazy"
        src="sample-thumbnail.jpg"
      />
      <div>
        <h3
          class="text-lg font-semibold"
        >
          Sample Item
        </h3>
        <p
          class="text-gray-500"
        >
          Brand: Sample Brand
        </p>
        <p
          class="text-gray-700"
        >
          ₹100
        </p>
      </div>
    </div>
    <div
      class="flex items-center space-x-4 w-full justify-between md:w-auto"
    >
      <div
        class="flex items-center space-x-2"
      >
        <button
          aria-label="Decrease quantity of Sample Item"
          class="p-2 bg-gray-200 rounded-full hover:bg-gray-300"
          data-testid="decrease-button"
        >
          <svg
            fill="currentColor"
            height="1em"
            stroke="currentColor"
            stroke-width="0"
            viewBox="0 0 448 512"
            width="1em"
            xmlns="http://www.w3.org/2000/svg"
          >
            <path
              d="M416 208H32c-17.67 0-32 14.33-32 32v32c0 17.67 14.33 32 32 32h384c17.67 0 32-14.33 32-32v-32c0-17.67-14.33-32-32-32z"
            />
          </svg>
        </button>
        <span
          aria-live="polite"
          class="text-gray-700"
        >
          2
        </span>
        <button
          aria-label="Increase quantity of Sample Item"
          class="p-2 bg-gray-200 rounded-full hover:bg-gray-300"
          data-testid="increase-button"
        >
          <svg
            fill="currentColor"
            height="1em"
            stroke="currentColor"
            stroke-width="0"
            viewBox="0 0 448 512"
            width="1em"
            xmlns="http://www.w3.org/2000/svg"
          >
            <path
              d="M416 208H272V64c0-17.67-14.33-32-32-32h-32c-17.67 0-32 14.33-32 32v144H32c-17.67 0-32 14.33-32 32v32c0 17.67 14.33 32 32 32h144v144c0 17.67 14.33 32 32 32h32c17.67 0 32-14.33 32-32V304h144c17.67 0 32-14.33 32-32v-32c0-17.67-14.33-32-32-32z"
            />
          </svg>
        </button>
      </div>
      <p
        class="text-gray-700"
      >
        ₹200.00
      </p>
      <button
        aria-label="Remove Sample Item from cart"
        class="text-red-500 hover:text-red-700"
        data-testid="remove-button"
      >
        <svg
          fill="currentColor"
          height="1em"
          stroke="currentColor"
          stroke-width="0"
          viewBox="0 0 448 512"
          width="1em"
          xmlns="http://www.w3.org/2000/svg"
        >
          <path
            d="M32 464a48 48 0 0 0 48 48h288a48 48 0 0 0 48-48V128H32zm272-256a16 16 0 0 1 32 0v224a16 16 0 0 1-32 0zm-96 0a16 16 0 0 1 32 0v224a16 16 0 0 1-32 0zm-96 0a16 16 0 0 1 32 0v224a16 16 0 0 1-32 0zM432 32H312l-9.4-18.7A24 24 0 0 0 281.1 0H166.8a23.72 23.72 0 0 0-21.4 13.3L136 32H16A16 16 0 0 0 0 48v32a16 16 0 0 0 16 16h416a16 16 0 0 0 16-16V48a16 16 0 0 0-16-16z"
          />
        </svg>
      </button>
    </div>
  </div>
</DocumentFragment>
`;
