// Jest Snapshot v1, https://goo.gl/fbAQLP

exports[`EmptyState matches snapshot 1`] = `
<DocumentFragment>
  <div
    class="flex flex-col items-center justify-center mt-12 space-y-4"
  >
    <div
      aria-hidden="true"
      class="text-6xl text-gray-300"
    >
      <span
        aria-label="icon"
        role="img"
      >
        üîç
      </span>
    </div>
    <p
      class="text-lg text-gray-500"
      role="alert"
    >
      No items found
    </p>
    <button
      aria-label="Add Item"
      class="bg-blue-500 text-white py-2 px-6 rounded-md shadow-md hover:bg-blue-600 transition-transform duration-300 hover:scale-105 focus:outline-none focus:ring-2 focus:ring-blue-500 focus:ring-opacity-50"
    >
      Add Item
    </button>
  </div>
</DocumentFragment>
`;
