// Jest Snapshot v1, https://goo.gl/fbAQLP

exports[`Footer component matches snapshot 1`] = `
<DocumentFragment>
  <footer
    class="bg-gray-800 text-white py-6 mt-auto"
    role="contentinfo"
  >
    <div
      class="container mx-auto flex flex-col md:flex-row justify-between items-center"
    >
      <p
        class="text-sm"
      >
        Â© 2024 ShopEasy. All rights reserved.
      </p>
      <nav
        aria-label="Footer navigation"
        class="space-x-4 mt-4 md:mt-0"
      >
        <a
          aria-label="Home"
          class="hover:underline"
          href="/"
        >
          Home
        </a>
        <a
          aria-label="Products"
          class="hover:underline"
          href="/products"
        >
          Products
        </a>
        <a
          aria-label="Favourites"
          class="hover:underline"
          href="/favourites"
        >
          Favourites
        </a>
        <a
          aria-label="Cart"
          class="hover:underline"
          href="/cart"
        >
          Cart
        </a>
      </nav>
    </div>
  </footer>
</DocumentFragment>
`;
