// Jest Snapshot v1, https://goo.gl/fbAQLP

exports[`ProductCard Component matches snapshot 1`] = `
<DocumentFragment>
  <article
    class="bg-white rounded-lg shadow-md overflow-hidden w-full max-w-sm mx-auto transition-all duration-300 ease-in-out transform hover:shadow-lg hover:-translate-y-1"
  >
    <div
      class="h-48 w-full bg-gray-100 flex items-center justify-center"
    >
      <img
        alt="Test Product"
        class="h-full object-contain"
        data-testid="product-image"
        height="100%"
        loading="lazy"
        src="test.jpg"
        width="100%"
      />
    </div>
    <div
      class="p-4 flex flex-col h-full"
    >
      <h2
        class="text-xl font-semibold mb-2 truncate"
        data-testid="product-title"
      >
        Test Product
      </h2>
      <p
        aria-label="Description: This is a test product description that is quite long and should be truncated."
        class="text-gray-600 mb-2 line-clamp-3 min-h-[4rem]"
        data-testid="product-description"
      >
        This is a test product description that is quite l...
      </p>
      <div
        class="flex justify-between items-center mb-4"
      >
        <span
          class="text-2xl font-bold"
          data-testid="product-price"
        >
          â‚¹ 100.00
        </span>
        <div
          aria-label="Rating: 4.5 stars"
          class="flex items-center"
          data-testid="product-rating"
        >
          <div
            class="flex"
          >
            <svg
              class="text-yellow-500"
              fill="currentColor"
              height="1em"
              stroke="currentColor"
              stroke-width="0"
              viewBox="0 0 1024 1024"
              width="1em"
              xmlns="http://www.w3.org/2000/svg"
            >
              <path
                d="M908.1 353.1l-253.9-36.9L540.7 86.1c-3.1-6.3-8.2-11.4-14.5-14.5-15.8-7.8-35-1.3-42.9 14.5L369.8 316.2l-253.9 36.9c-7 1-13.4 4.3-18.3 9.3a32.05 32.05 0 0 0 .6 45.3l183.7 179.1-43.4 252.9a31.95 31.95 0 0 0 46.4 33.7L512 754l227.1 119.4c6.2 3.3 13.4 4.4 20.3 3.2 17.4-3 29.1-19.5 26.1-36.9l-43.4-252.9 183.7-179.1c5-4.9 8.3-11.3 9.3-18.3 2.7-17.5-9.5-33.7-27-36.3z"
              />
            </svg>
            <svg
              class="text-yellow-500"
              fill="currentColor"
              height="1em"
              stroke="currentColor"
              stroke-width="0"
              viewBox="0 0 1024 1024"
              width="1em"
              xmlns="http://www.w3.org/2000/svg"
            >
              <path
                d="M908.1 353.1l-253.9-36.9L540.7 86.1c-3.1-6.3-8.2-11.4-14.5-14.5-15.8-7.8-35-1.3-42.9 14.5L369.8 316.2l-253.9 36.9c-7 1-13.4 4.3-18.3 9.3a32.05 32.05 0 0 0 .6 45.3l183.7 179.1-43.4 252.9a31.95 31.95 0 0 0 46.4 33.7L512 754l227.1 119.4c6.2 3.3 13.4 4.4 20.3 3.2 17.4-3 29.1-19.5 26.1-36.9l-43.4-252.9 183.7-179.1c5-4.9 8.3-11.3 9.3-18.3 2.7-17.5-9.5-33.7-27-36.3z"
              />
            </svg>
            <svg
              class="text-yellow-500"
              fill="currentColor"
              height="1em"
              stroke="currentColor"
              stroke-width="0"
              viewBox="0 0 1024 1024"
              width="1em"
              xmlns="http://www.w3.org/2000/svg"
            >
              <path
                d="M908.1 353.1l-253.9-36.9L540.7 86.1c-3.1-6.3-8.2-11.4-14.5-14.5-15.8-7.8-35-1.3-42.9 14.5L369.8 316.2l-253.9 36.9c-7 1-13.4 4.3-18.3 9.3a32.05 32.05 0 0 0 .6 45.3l183.7 179.1-43.4 252.9a31.95 31.95 0 0 0 46.4 33.7L512 754l227.1 119.4c6.2 3.3 13.4 4.4 20.3 3.2 17.4-3 29.1-19.5 26.1-36.9l-43.4-252.9 183.7-179.1c5-4.9 8.3-11.3 9.3-18.3 2.7-17.5-9.5-33.7-27-36.3z"
              />
            </svg>
            <svg
              class="text-yellow-500"
              fill="currentColor"
              height="1em"
              stroke="currentColor"
              stroke-width="0"
              viewBox="0 0 1024 1024"
              width="1em"
              xmlns="http://www.w3.org/2000/svg"
            >
              <path
                d="M908.1 353.1l-253.9-36.9L540.7 86.1c-3.1-6.3-8.2-11.4-14.5-14.5-15.8-7.8-35-1.3-42.9 14.5L369.8 316.2l-253.9 36.9c-7 1-13.4 4.3-18.3 9.3a32.05 32.05 0 0 0 .6 45.3l183.7 179.1-43.4 252.9a31.95 31.95 0 0 0 46.4 33.7L512 754l227.1 119.4c6.2 3.3 13.4 4.4 20.3 3.2 17.4-3 29.1-19.5 26.1-36.9l-43.4-252.9 183.7-179.1c5-4.9 8.3-11.3 9.3-18.3 2.7-17.5-9.5-33.7-27-36.3z"
              />
            </svg>
            <svg
              class="text-yellow-500 opacity-50"
              fill="currentColor"
              height="1em"
              stroke="currentColor"
              stroke-width="0"
              viewBox="0 0 1024 1024"
              width="1em"
              xmlns="http://www.w3.org/2000/svg"
            >
              <path
                d="M908.1 353.1l-253.9-36.9L540.7 86.1c-3.1-6.3-8.2-11.4-14.5-14.5-15.8-7.8-35-1.3-42.9 14.5L369.8 316.2l-253.9 36.9c-7 1-13.4 4.3-18.3 9.3a32.05 32.05 0 0 0 .6 45.3l183.7 179.1-43.4 252.9a31.95 31.95 0 0 0 46.4 33.7L512 754l227.1 119.4c6.2 3.3 13.4 4.4 20.3 3.2 17.4-3 29.1-19.5 26.1-36.9l-43.4-252.9 183.7-179.1c5-4.9 8.3-11.3 9.3-18.3 2.7-17.5-9.5-33.7-27-36.3z"
              />
            </svg>
          </div>
        </div>
      </div>
      <a
        aria-label="More details about Test Product"
        class="w-full bg-gray-200 text-gray-700 px-4 py-2 rounded hover:bg-gray-300 transition-colors duration-300 flex items-center justify-center"
        data-discover="true"
        data-testid="more-details-link"
        href="/products/1"
      >
        <svg
          class="mr-2"
          fill="none"
          height="1em"
          stroke="currentColor"
          stroke-linecap="round"
          stroke-linejoin="round"
          stroke-width="2"
          viewBox="0 0 24 24"
          width="1em"
          xmlns="http://www.w3.org/2000/svg"
        >
          <circle
            cx="12"
            cy="12"
            r="10"
          />
          <line
            x1="12"
            x2="12"
            y1="16"
            y2="12"
          />
          <line
            x1="12"
            x2="12.01"
            y1="8"
            y2="8"
          />
        </svg>
        More Details
      </a>
    </div>
  </article>
</DocumentFragment>
`;
