// Jest Snapshot v1, https://goo.gl/fbAQLP

exports[`ProductDetails snapshot 1`] = `
<DocumentFragment>
  <div
    class="bg-white-50 min-h-screen py-10"
  >
    <div
      class="container mx-auto bg-white p-8 rounded-lg"
    >
      <div
        class="grid grid-cols-1 md:grid-cols-2 gap-8"
      >
        <div
          class="flex flex-col items-center md:items-start space-y-4"
          style="opacity: 0; transform: translateY(20px);"
        >
          <div
            class="relative w-full md:w-96 h-96 rounded-lg overflow-hidden shadow-lg"
          >
            <img
              alt="Test Product"
              class="w-full h-full object-contain"
              loading="lazy"
              src="test-thumbnail.jpg"
            />
          </div>
          <div
            class="flex space-x-2 overflow-x-auto"
          >
            <img
              alt="Test Product thumbnail 0"
              class="w-16 h-16 object-cover cursor-pointer rounded-lg shadow-md ring-1 ring-gray-300"
              src="image1.jpg"
            />
            <img
              alt="Test Product thumbnail 1"
              class="w-16 h-16 object-cover cursor-pointer rounded-lg shadow-md ring-1 ring-gray-300"
              src="image2.jpg"
            />
          </div>
        </div>
        <div
          class="space-y-6"
          style="opacity: 0; transform: translateY(20px);"
        >
          <h1
            class="text-4xl font-bold text-gray-800"
          >
            Test Product
          </h1>
          <p
            class="text-gray-600 text-lg"
          >
            Test Description
          </p>
          <div
            class="flex items-center space-x-4"
          >
            <span
              class="text-2xl font-bold text-blue-600"
            >
              ₹100
            </span>
            <span
              class="text-sm text-gray-500 line-through"
            >
              ₹110.00
            </span>
            <span
              class="text-sm text-green-500 font-medium"
            >
              (10% OFF)
            </span>
          </div>
          <form
            novalidate=""
          >
            <div
              class="flex flex-col lg:flex-row items-center space-y-4 lg:space-y-0 lg:space-x-4 mt-4"
            >
              <div
                class="relative z-0"
              >
                <input
                  aria-describedby="pincode-error"
                  aria-invalid="false"
                  autocomplete="off"
                  class="peer block py-2.5 px-0 text-sm text-gray-900 bg-transparent border-0 border-b-2 border-gray-300 appearance-none focus:outline-none "
                  id="pincode"
                  maxlength="6"
                  name="pincode"
                  placeholder=" "
                  type="text"
                />
                <label
                  class="absolute text-sm text-gray-500 duration-300 transform -translate-y-6 scale-75 top-3 -z-10 origin-[0] peer-focus:left-0 peer-placeholder-shown:scale-100 peer-placeholder-shown:translate-y-0 peer-focus:scale-75 peer-focus:-translate-y-6 "
                  for="pincode"
                  style="z-index: 1;"
                >
                  Pincode
                </label>
              </div>
            </div>
          </form>
          <div
            class="grid grid-cols-1 md:grid-cols-2 gap-4"
          >
            <div
              class="flex items-center space-x-2"
            >
              <span
                class="font-medium text-gray-700"
              >
                Brand:
              </span>
              <span>
                Test Brand
              </span>
            </div>
            <div
              class="flex items-center space-x-2"
            >
              <span
                class="font-medium text-gray-700"
              >
                Availability:
              </span>
              <span
                class="text-green-500 font-semibold"
              >
                In Stock
              </span>
            </div>
            <div
              class="flex items-center space-x-2"
            >
              <span
                class="font-medium text-gray-700"
              >
                Warranty:
              </span>
              <span>
                1 year
              </span>
            </div>
            <div
              class="flex items-center space-x-2"
            >
              <span
                class="font-medium text-gray-700"
              >
                Category:
              </span>
              <span />
            </div>
            <div
              class="flex items-center space-x-2"
            >
              <span
                class="font-medium text-gray-700"
              >
                Returns:
              </span>
              <span>
                30-day return policy available
              </span>
            </div>
          </div>
          <div
            class="flex space-x-4 mt-6"
          >
            <button
              class="bg-blue-600 text-white py-3 px-8 rounded-lg shadow-md flex items-center justify-center space-x-2 hover:bg-blue-700"
            >
              <span>
                Add to Cart
              </span>
            </button>
            <button
              class="bg-red-500 text-white py-3 px-8 rounded-lg shadow-md flex items-center justify-center space-x-2 hover:bg-red-600"
            >
              <span>
                Add to Favorites
              </span>
            </button>
          </div>
        </div>
      </div>
      <div
        class="mt-16"
        style="opacity: 0; transform: translateY(20px);"
      >
        <h2
          class="text-3xl font-semibold text-gray-800 mb-4"
        >
          Customer Reviews
        </h2>
        <div
          class="flex space-x-6 overflow-x-auto"
        >
          <div
            class="bg-white p-6 rounded-lg shadow-md w-80 transition-transform duration-300 hover:scale-105"
          >
            <div
              class="flex items-center space-x-2 mb-2"
            >
              <span
                class="font-semibold text-gray-800"
              >
                John Doe
              </span>
              <span
                class="text-sm text-gray-500"
              >
                - 1/1/2023
              </span>
            </div>
            <p
              class="text-gray-600 text-sm"
            >
              Great product!
            </p>
            <div
              class="mt-2 flex items-center space-x-1"
            >
              <span
                class="font-medium text-gray-700"
              >
                Rating:
              </span>
              <div
                class="flex"
              >
                <div
                  class="flex"
                >
                  <svg
                    class="text-yellow-500"
                    fill="currentColor"
                    height="1em"
                    stroke="currentColor"
                    stroke-width="0"
                    viewBox="0 0 1024 1024"
                    width="1em"
                    xmlns="http://www.w3.org/2000/svg"
                  >
                    <path
                      d="M908.1 353.1l-253.9-36.9L540.7 86.1c-3.1-6.3-8.2-11.4-14.5-14.5-15.8-7.8-35-1.3-42.9 14.5L369.8 316.2l-253.9 36.9c-7 1-13.4 4.3-18.3 9.3a32.05 32.05 0 0 0 .6 45.3l183.7 179.1-43.4 252.9a31.95 31.95 0 0 0 46.4 33.7L512 754l227.1 119.4c6.2 3.3 13.4 4.4 20.3 3.2 17.4-3 29.1-19.5 26.1-36.9l-43.4-252.9 183.7-179.1c5-4.9 8.3-11.3 9.3-18.3 2.7-17.5-9.5-33.7-27-36.3z"
                    />
                  </svg>
                  <svg
                    class="text-yellow-500"
                    fill="currentColor"
                    height="1em"
                    stroke="currentColor"
                    stroke-width="0"
                    viewBox="0 0 1024 1024"
                    width="1em"
                    xmlns="http://www.w3.org/2000/svg"
                  >
                    <path
                      d="M908.1 353.1l-253.9-36.9L540.7 86.1c-3.1-6.3-8.2-11.4-14.5-14.5-15.8-7.8-35-1.3-42.9 14.5L369.8 316.2l-253.9 36.9c-7 1-13.4 4.3-18.3 9.3a32.05 32.05 0 0 0 .6 45.3l183.7 179.1-43.4 252.9a31.95 31.95 0 0 0 46.4 33.7L512 754l227.1 119.4c6.2 3.3 13.4 4.4 20.3 3.2 17.4-3 29.1-19.5 26.1-36.9l-43.4-252.9 183.7-179.1c5-4.9 8.3-11.3 9.3-18.3 2.7-17.5-9.5-33.7-27-36.3z"
                    />
                  </svg>
                  <svg
                    class="text-yellow-500"
                    fill="currentColor"
                    height="1em"
                    stroke="currentColor"
                    stroke-width="0"
                    viewBox="0 0 1024 1024"
                    width="1em"
                    xmlns="http://www.w3.org/2000/svg"
                  >
                    <path
                      d="M908.1 353.1l-253.9-36.9L540.7 86.1c-3.1-6.3-8.2-11.4-14.5-14.5-15.8-7.8-35-1.3-42.9 14.5L369.8 316.2l-253.9 36.9c-7 1-13.4 4.3-18.3 9.3a32.05 32.05 0 0 0 .6 45.3l183.7 179.1-43.4 252.9a31.95 31.95 0 0 0 46.4 33.7L512 754l227.1 119.4c6.2 3.3 13.4 4.4 20.3 3.2 17.4-3 29.1-19.5 26.1-36.9l-43.4-252.9 183.7-179.1c5-4.9 8.3-11.3 9.3-18.3 2.7-17.5-9.5-33.7-27-36.3z"
                    />
                  </svg>
                  <svg
                    class="text-yellow-500"
                    fill="currentColor"
                    height="1em"
                    stroke="currentColor"
                    stroke-width="0"
                    viewBox="0 0 1024 1024"
                    width="1em"
                    xmlns="http://www.w3.org/2000/svg"
                  >
                    <path
                      d="M908.1 353.1l-253.9-36.9L540.7 86.1c-3.1-6.3-8.2-11.4-14.5-14.5-15.8-7.8-35-1.3-42.9 14.5L369.8 316.2l-253.9 36.9c-7 1-13.4 4.3-18.3 9.3a32.05 32.05 0 0 0 .6 45.3l183.7 179.1-43.4 252.9a31.95 31.95 0 0 0 46.4 33.7L512 754l227.1 119.4c6.2 3.3 13.4 4.4 20.3 3.2 17.4-3 29.1-19.5 26.1-36.9l-43.4-252.9 183.7-179.1c5-4.9 8.3-11.3 9.3-18.3 2.7-17.5-9.5-33.7-27-36.3z"
                    />
                  </svg>
                  <svg
                    class="text-yellow-500"
                    fill="currentColor"
                    height="1em"
                    stroke="currentColor"
                    stroke-width="0"
                    viewBox="0 0 1024 1024"
                    width="1em"
                    xmlns="http://www.w3.org/2000/svg"
                  >
                    <path
                      d="M908.1 353.1l-253.9-36.9L540.7 86.1c-3.1-6.3-8.2-11.4-14.5-14.5-15.8-7.8-35-1.3-42.9 14.5L369.8 316.2l-253.9 36.9c-7 1-13.4 4.3-18.3 9.3a32.05 32.05 0 0 0 .6 45.3l183.7 179.1-43.4 252.9a31.95 31.95 0 0 0 46.4 33.7L512 754l227.1 119.4c6.2 3.3 13.4 4.4 20.3 3.2 17.4-3 29.1-19.5 26.1-36.9l-43.4-252.9 183.7-179.1c5-4.9 8.3-11.3 9.3-18.3 2.7-17.5-9.5-33.7-27-36.3z"
                    />
                  </svg>
                </div>
              </div>
            </div>
            <div
              class="mt-2 text-sm text-gray-500"
            >
              <span>
                Email: john.doe@example.com
              </span>
            </div>
          </div>
        </div>
      </div>
    </div>
  </div>
</DocumentFragment>
`;
